
> vite_react_shadcn_ts@0.0.0 build
> node --max-old-space-size=4096 node_modules/vite/bin/vite.js build

[36mvite v7.2.2 [32mbuilding client environment for production...[36m[39m
[baseline-browser-mapping] The data in this module is over two months old.  To ensure accurate Baseline data, please update: `npm i baseline-browser-mapping@latest -D`
transforming...
[32mΓ£ô[39m 4163 modules transformed.
rendering chunks...
computing gzip size...
[2mdist/[22m[32mindex.html                                    [39m[1m[2m  2.60 kB[22m[1m[22m[2m Γöé gzip:   0.99 kB[22m
[2mdist/[22m[35massets/index-hdqbDUxT.css                     [39m[1m[2m162.59 kB[22m[1m[22m[2m Γöé gzip:  24.59 kB[22m
[2mdist/[22m[36massets/radix-BQCqNqg0.js                      [39m[1m[2m  0.20 kB[22m[1m[22m[2m Γöé gzip:   0.16 kB[22m
[2mdist/[22m[36massets/TenantLink-cpfLUx1P.js                 [39m[1m[2m  0.24 kB[22m[1m[22m[2m Γöé gzip:   0.20 kB[22m
[2mdist/[22m[36massets/label-CX1HosN3.js                      [39m[1m[2m  0.33 kB[22m[1m[22m[2m Γöé gzip:   0.25 kB[22m
[2mdist/[22m[36massets/separator-CBJLmiHx.js                  [39m[1m[2m  0.37 kB[22m[1m[22m[2m Γöé gzip:   0.27 kB[22m
[2mdist/[22m[36massets/mockApi-Bdq9-L3w.js                    [39m[1m[2m  0.38 kB[22m[1m[22m[2m Γöé gzip:   0.27 kB[22m
[2mdist/[22m[36massets/progress-Cz036s4m.js                   [39m[1m[2m  0.44 kB[22m[1m[22m[2m Γöé gzip:   0.32 kB[22m
[2mdist/[22m[36massets/textarea-CDkCBxC6.js                   [39m[1m[2m  0.62 kB[22m[1m[22m[2m Γöé gzip:   0.40 kB[22m
[2mdist/[22m[36massets/checkbox-D8jpZHTT.js                   [39m[1m[2m  0.67 kB[22m[1m[22m[2m Γöé gzip:   0.40 kB[22m
[2mdist/[22m[36massets/input-DgHLxzy3.js                      [39m[1m[2m  0.72 kB[22m[1m[22m[2m Γöé gzip:   0.43 kB[22m
[2mdist/[22m[36massets/radio-group-B7fyD-w6.js                [39m[1m[2m  0.75 kB[22m[1m[22m[2m Γöé gzip:   0.41 kB[22m
[2mdist/[22m[36massets/OAuthCallbackRedirect-D8dsZIV-.js      [39m[1m[2m  0.76 kB[22m[1m[22m[2m Γöé gzip:   0.50 kB[22m
[2mdist/[22m[36massets/badge-BSMWHRKK.js                      [39m[1m[2m  0.77 kB[22m[1m[22m[2m Γöé gzip:   0.40 kB[22m
[2mdist/[22m[36massets/StripeCallback-DUL6tNwc.js             [39m[1m[2m  0.81 kB[22m[1m[22m[2m Γöé gzip:   0.52 kB[22m
[2mdist/[22m[36massets/switch-ClxPv6F1.js                     [39m[1m[2m  0.82 kB[22m[1m[22m[2m Γöé gzip:   0.45 kB[22m
[2mdist/[22m[36massets/accordion-B_4ysWw2.js                  [39m[1m[2m  0.98 kB[22m[1m[22m[2m Γöé gzip:   0.50 kB[22m
[2mdist/[22m[36massets/card-Br-8RQHy.js                       [39m[1m[2m  1.10 kB[22m[1m[22m[2m Γöé gzip:   0.45 kB[22m
[2mdist/[22m[36massets/tabs-BmupXyxK.js                       [39m[1m[2m  1.11 kB[22m[1m[22m[2m Γöé gzip:   0.47 kB[22m
[2mdist/[22m[36massets/PageLayout-DRmWAEzX.js                 [39m[1m[2m  1.38 kB[22m[1m[22m[2m Γöé gzip:   0.75 kB[22m
[2mdist/[22m[36massets/table-B_JYucFv.js                      [39m[1m[2m  1.59 kB[22m[1m[22m[2m Γöé gzip:   0.58 kB[22m
[2mdist/[22m[36massets/EvidenceSearch-CcTs-_dA.js             [39m[1m[2m  1.91 kB[22m[1m[22m[2m Γöé gzip:   0.94 kB[22m
[2mdist/[22m[36massets/usePageMeta-D0dvMaHf.js                [39m[1m[2m  2.04 kB[22m[1m[22m[2m Γöé gzip:   1.01 kB[22m
[2mdist/[22m[36massets/OAuthProviderSandbox-BtkUwKmY.js       [39m[1m[2m  2.33 kB[22m[1m[22m[2m Γöé gzip:   1.10 kB[22m
[2mdist/[22m[36massets/NotFound-Dq1cxr8Y.js                   [39m[1m[2m  2.33 kB[22m[1m[22m[2m Γöé gzip:   1.01 kB[22m
[2mdist/[22m[36massets/Branding-0bVJlqQD.js                   [39m[1m[2m  2.41 kB[22m[1m[22m[2m Γöé gzip:   1.01 kB[22m
[2mdist/[22m[36massets/EvidenceOnboarding-C0ChzeS0.js         [39m[1m[2m  2.52 kB[22m[1m[22m[2m Γöé gzip:   1.15 kB[22m
[2mdist/[22m[36massets/popover-D-AIH9Xf.js                    [39m[1m[2m  2.55 kB[22m[1m[22m[2m Γöé gzip:   1.07 kB[22m
[2mdist/[22m[36massets/recoveryApi-lmZk5Mhj.js                [39m[1m[2m  2.95 kB[22m[1m[22m[2m Γöé gzip:   1.18 kB[22m
[2mdist/[22m[36massets/select-NGdOxVXW.js                     [39m[1m[2m  2.97 kB[22m[1m[22m[2m Γöé gzip:   1.10 kB[22m
[2mdist/[22m[36massets/InvoiceDetail-Cv6zcO47.js              [39m[1m[2m  3.03 kB[22m[1m[22m[2m Γöé gzip:   1.29 kB[22m
[2mdist/[22m[36massets/OAuthSuccess-iBMfhD84.js               [39m[1m[2m  3.41 kB[22m[1m[22m[2m Γöé gzip:   1.43 kB[22m
[2mdist/[22m[36massets/dropdown-menu-ChpMf6Ct.js              [39m[1m[2m  3.51 kB[22m[1m[22m[2m Γöé gzip:   0.96 kB[22m
[2mdist/[22m[36massets/inventoryApi-CTkHK521.js               [39m[1m[2m  3.96 kB[22m[1m[22m[2m Γöé gzip:   1.27 kB[22m
[2mdist/[22m[36massets/AmazonAuthTest-CsF17kQG.js             [39m[1m[2m  4.06 kB[22m[1m[22m[2m Γöé gzip:   1.57 kB[22m
[2mdist/[22m[36massets/Pricing-B6gMUQc9.js                    [39m[1m[2m  4.35 kB[22m[1m[22m[2m Γöé gzip:   1.85 kB[22m
[2mdist/[22m[36massets/AmazonConnect-BJvP8hKu.js              [39m[1m[2m  4.38 kB[22m[1m[22m[2m Γöé gzip:   1.92 kB[22m
[2mdist/[22m[36massets/MarginBoard-CpUFOxo-.js                [39m[1m[2m  4.38 kB[22m[1m[22m[2m Γöé gzip:   1.60 kB[22m
[2mdist/[22m[36massets/AmazonSandbox-Q8VCcY22.js              [39m[1m[2m  4.52 kB[22m[1m[22m[2m Γöé gzip:   1.72 kB[22m
[2mdist/[22m[36massets/RefundPolicy-DPA0EZYX.js               [39m[1m[2m  4.75 kB[22m[1m[22m[2m Γöé gzip:   1.61 kB[22m
[2mdist/[22m[36massets/OAuthCallback-CLK_YXab.js              [39m[1m[2m  5.54 kB[22m[1m[22m[2m Γöé gzip:   2.28 kB[22m
[2mdist/[22m[36massets/About-DC2VPgG1.js                      [39m[1m[2m  5.66 kB[22m[1m[22m[2m Γöé gzip:   2.15 kB[22m
[2mdist/[22m[36massets/TeamManagement-CftS0D2G.js             [39m[1m[2m  5.98 kB[22m[1m[22m[2m Γöé gzip:   1.90 kB[22m
[2mdist/[22m[36massets/AnalyzingScreen-B7bpzjEv.js            [39m[1m[2m  6.15 kB[22m[1m[22m[2m Γöé gzip:   2.17 kB[22m
[2mdist/[22m[36massets/ExportCenter-CqjltIdq.js               [39m[1m[2m  6.36 kB[22m[1m[22m[2m Γöé gzip:   2.09 kB[22m
[2mdist/[22m[36massets/BrandFooter-n05r49ZG.js                [39m[1m[2m  6.56 kB[22m[1m[22m[2m Γöé gzip:   2.78 kB[22m
[2mdist/[22m[36massets/Docs-CMy7x3BA.js                       [39m[1m[2m  7.05 kB[22m[1m[22m[2m Γöé gzip:   2.32 kB[22m
[2mdist/[22m[36massets/WhatsNew-BqmMQQ8h.js                   [39m[1m[2m  7.52 kB[22m[1m[22m[2m Γöé gzip:   2.93 kB[22m
[2mdist/[22m[36massets/LearningInsights-DEoFzYqh.js           [39m[1m[2m  7.61 kB[22m[1m[22m[2m Γöé gzip:   2.02 kB[22m
[2mdist/[22m[36massets/Privacy-V-iutdqP.js                    [39m[1m[2m  7.92 kB[22m[1m[22m[2m Γöé gzip:   2.32 kB[22m
[2mdist/[22m[36massets/UltraBeta-BF2qwWpu.js                  [39m[1m[2m  8.22 kB[22m[1m[22m[2m Γöé gzip:   3.05 kB[22m
[2mdist/[22m[36massets/ReconnectProvider-W56bSPcG.js          [39m[1m[2m  8.39 kB[22m[1m[22m[2m Γöé gzip:   3.02 kB[22m
[2mdist/[22m[36massets/ResolveCase-CdFISI_4.js                [39m[1m[2m  8.53 kB[22m[1m[22m[2m Γöé gzip:   3.08 kB[22m
[2mdist/[22m[36massets/Terms-DixjWMfc.js                      [39m[1m[2m  9.33 kB[22m[1m[22m[2m Γöé gzip:   2.55 kB[22m
[2mdist/[22m[36massets/Agent1Test-rSXxLINK.js                 [39m[1m[2m  9.36 kB[22m[1m[22m[2m Γöé gzip:   2.96 kB[22m
[2mdist/[22m[36massets/Contact-DGPMHiVv.js                    [39m[1m[2m  9.61 kB[22m[1m[22m[2m Γöé gzip:   2.82 kB[22m
[2mdist/[22m[36massets/AdminRevenue-BO84znaV.js               [39m[1m[2m 10.53 kB[22m[1m[22m[2m Γöé gzip:   2.06 kB[22m
[2mdist/[22m[36massets/ApiLanding-DuBqI-wg.js                 [39m[1m[2m 10.61 kB[22m[1m[22m[2m Γöé gzip:   3.04 kB[22m
[2mdist/[22m[36massets/ApiAccess-BsNJHVCO.js                  [39m[1m[2m 11.23 kB[22m[1m[22m[2m Γöé gzip:   4.08 kB[22m
[2mdist/[22m[36massets/AdminUsersAndIntegrations-CWQkgiRD.js  [39m[1m[2m 11.50 kB[22m[1m[22m[2m Γöé gzip:   3.07 kB[22m
[2mdist/[22m[36massets/Help-W2FkdDEQ.js                       [39m[1m[2m 11.66 kB[22m[1m[22m[2m Γöé gzip:   3.76 kB[22m
[2mdist/[22m[36massets/RevenueModel-C0Soy9xP.js               [39m[1m[2m 12.27 kB[22m[1m[22m[2m Γöé gzip:   3.39 kB[22m
[2mdist/[22m[36massets/Waitlist-BVFNxD1J.js                   [39m[1m[2m 12.67 kB[22m[1m[22m[2m Γöé gzip:   3.87 kB[22m
[2mdist/[22m[36massets/QueueDashboard-BqVJxLD4.js             [39m[1m[2m 13.59 kB[22m[1m[22m[2m Γöé gzip:   3.46 kB[22m
[2mdist/[22m[36massets/Sales-WATgOVUE.js                      [39m[1m[2m 13.89 kB[22m[1m[22m[2m Γöé gzip:   4.45 kB[22m
[2mdist/[22m[36massets/Admin-CdoRE45a.js                      [39m[1m[2m 14.63 kB[22m[1m[22m[2m Γöé gzip:   3.90 kB[22m
[2mdist/[22m[36massets/Careers-CUHF911j.js                    [39m[1m[2m 15.31 kB[22m[1m[22m[2m Γöé gzip:   4.64 kB[22m
[2mdist/[22m[36massets/UpcomingPayments-CXQQBOa6.js           [39m[1m[2m 15.75 kB[22m[1m[22m[2m Γöé gzip:   4.60 kB[22m
[2mdist/[22m[36massets/Billing-Bn6R7pci.js                    [39m[1m[2m 17.90 kB[22m[1m[22m[2m Γöé gzip:   5.55 kB[22m
[2mdist/[22m[36massets/NotificationHub-CrFCnSAF.js            [39m[1m[2m 19.28 kB[22m[1m[22m[2m Γöé gzip:   5.07 kB[22m
[2mdist/[22m[36massets/PublicNavbar-DfQdYXNa.js               [39m[1m[2m 19.47 kB[22m[1m[22m[2m Γöé gzip:   3.90 kB[22m
[2mdist/[22m[36massets/purify.es-Bzr520pe.js                  [39m[1m[2m 22.45 kB[22m[1m[22m[2m Γöé gzip:   8.63 kB[22m
[2mdist/[22m[36massets/tanstack-6kPKn-jw.js                   [39m[1m[2m 23.94 kB[22m[1m[22m[2m Γöé gzip:   7.12 kB[22m
[2mdist/[22m[36massets/date-fns-Cq9YiDYk.js                   [39m[1m[2m 24.52 kB[22m[1m[22m[2m Γöé gzip:   6.90 kB[22m
[2mdist/[22m[36massets/TransactionHistory-BFkE8HL9.js         [39m[1m[2m 25.00 kB[22m[1m[22m[2m Γöé gzip:   7.66 kB[22m
[2mdist/[22m[36massets/DocumentDetail-DqYSOrbB.js             [39m[1m[2m 29.23 kB[22m[1m[22m[2m Γöé gzip:   6.80 kB[22m
[2mdist/[22m[36massets/Settings-Crez_eB5.js                   [39m[1m[2m 35.93 kB[22m[1m[22m[2m Γöé gzip:   7.66 kB[22m
[2mdist/[22m[36massets/Reports-BWBTaigZ.js                    [39m[1m[2m 37.08 kB[22m[1m[22m[2m Γöé gzip:   8.97 kB[22m
[2mdist/[22m[36massets/Index-3329-XEc.js                      [39m[1m[2m 37.97 kB[22m[1m[22m[2m Γöé gzip:   9.35 kB[22m
[2mdist/[22m[36massets/IntegrationsHub-D24Ns0x1.js            [39m[1m[2m 39.82 kB[22m[1m[22m[2m Γöé gzip:   9.87 kB[22m
[2mdist/[22m[36massets/Sidebar-B4LHGRid.js                    [39m[1m[2m 44.55 kB[22m[1m[22m[2m Γöé gzip:  11.74 kB[22m
[2mdist/[22m[36massets/Sync-BQHVakv2.js                       [39m[1m[2m 44.88 kB[22m[1m[22m[2m Γöé gzip:  12.45 kB[22m
[2mdist/[22m[36massets/EvidenceLocker-BIZKAeAS.js             [39m[1m[2m 49.58 kB[22m[1m[22m[2m Γöé gzip:  12.67 kB[22m
[2mdist/[22m[36massets/CaseDetail-Cg0tpIAu.js                 [39m[1m[2m 53.47 kB[22m[1m[22m[2m Γöé gzip:  13.81 kB[22m
[2mdist/[22m[36massets/SmartInventorySync-BGSax5Gt.js         [39m[1m[2m 55.52 kB[22m[1m[22m[2m Γöé gzip:  11.22 kB[22m
[2mdist/[22m[36massets/Dashboard-C8epMa77.js                  [39m[1m[2m 59.19 kB[22m[1m[22m[2m Γöé gzip:  14.43 kB[22m
[2mdist/[22m[36massets/index.es-MNohUE-M.js                   [39m[1m[2m158.72 kB[22m[1m[22m[2m Γöé gzip:  53.00 kB[22m
[2mdist/[22m[36massets/Recoveries-D59aq_XT.js                 [39m[1m[2m198.28 kB[22m[1m[22m[2m Γöé gzip:  43.92 kB[22m
[2mdist/[22m[36massets/html2canvas.esm-Ge7aVWlp.js            [39m[1m[2m201.40 kB[22m[1m[22m[2m Γöé gzip:  47.48 kB[22m
[2mdist/[22m[36massets/index-CkPMKRS7.js                      [39m[1m[2m251.31 kB[22m[1m[22m[2m Γöé gzip:  79.89 kB[22m
[2mdist/[22m[36massets/index-B3OIgK6O.js                      [39m[1m[2m317.94 kB[22m[1m[22m[2m Γöé gzip: 103.99 kB[22m
[2mdist/[22m[36massets/jspdf.plugin.autotable-CowD-gKE.js     [39m[1m[2m415.67 kB[22m[1m[22m[2m Γöé gzip: 135.15 kB[22m
[2mdist/[22m[36massets/react-vendor-DofDo7N3.js               [39m[1m[2m450.09 kB[22m[1m[22m[2m Γöé gzip: 141.70 kB[22m
[2mdist/[22m[36massets/recharts-B6D7MmZy.js                   [39m[1m[2m485.86 kB[22m[1m[22m[2m Γöé gzip: 127.35 kB[22m
[32mΓ£ô built in 58.84s[39m

Γ£¿ [vite-plugin-compression]:algorithm=gzip - compressed file successfully: 
dist/C:/Users/Student/Contacts/Clario-Complete-Backend/opside-complete-frontend/assets/About-DC2VPgG1.js.gz                       5.52kb / gzip: 2.10kb
dist/C:/Users/Student/Contacts/Clario-Complete-Backend/opside-complete-frontend/assets/Admin-CdoRE45a.js.gz                       14.28kb / gzip: 3.79kb
dist/C:/Users/Student/Contacts/Clario-Complete-Backend/opside-complete-frontend/assets/AdminRevenue-BO84znaV.js.gz                10.29kb / gzip: 2.01kb
dist/C:/Users/Student/Contacts/Clario-Complete-Backend/opside-complete-frontend/assets/Agent1Test-rSXxLINK.js.gz                  9.14kb / gzip: 2.88kb
dist/C:/Users/Student/Contacts/Clario-Complete-Backend/opside-complete-frontend/assets/AdminUsersAndIntegrations-CWQkgiRD.js.gz   11.23kb / gzip: 2.99kb
dist/C:/Users/Student/Contacts/Clario-Complete-Backend/opside-complete-frontend/assets/AmazonAuthTest-CsF17kQG.js.gz              3.97kb / gzip: 1.53kb
dist/C:/Users/Student/Contacts/Clario-Complete-Backend/opside-complete-frontend/assets/AmazonConnect-BJvP8hKu.js.gz               4.28kb / gzip: 1.87kb
dist/C:/Users/Student/Contacts/Clario-Complete-Backend/opside-complete-frontend/assets/AmazonSandbox-Q8VCcY22.js.gz               4.42kb / gzip: 1.67kb
dist/C:/Users/Student/Contacts/Clario-Complete-Backend/opside-complete-frontend/assets/AnalyzingScreen-B7bpzjEv.js.gz             6.00kb / gzip: 2.12kb
dist/C:/Users/Student/Contacts/Clario-Complete-Backend/opside-complete-frontend/assets/ApiLanding-DuBqI-wg.js.gz                  10.36kb / gzip: 2.96kb
dist/C:/Users/Student/Contacts/Clario-Complete-Backend/opside-complete-frontend/assets/BrandFooter-n05r49ZG.js.gz                 6.40kb / gzip: 2.72kb
dist/C:/Users/Student/Contacts/Clario-Complete-Backend/opside-complete-frontend/assets/ApiAccess-BsNJHVCO.js.gz                   10.97kb / gzip: 3.98kb
dist/C:/Users/Student/Contacts/Clario-Complete-Backend/opside-complete-frontend/assets/Branding-0bVJlqQD.js.gz                    2.35kb / gzip: 0.98kb
dist/C:/Users/Student/Contacts/Clario-Complete-Backend/opside-complete-frontend/assets/card-Br-8RQHy.js.gz                        1.08kb / gzip: 0.44kb
dist/C:/Users/Student/Contacts/Clario-Complete-Backend/opside-complete-frontend/assets/Billing-Bn6R7pci.js.gz                     17.48kb / gzip: 5.41kb
dist/C:/Users/Student/Contacts/Clario-Complete-Backend/opside-complete-frontend/assets/Careers-CUHF911j.js.gz                     14.95kb / gzip: 4.52kb
dist/C:/Users/Student/Contacts/Clario-Complete-Backend/opside-complete-frontend/assets/Contact-DGPMHiVv.js.gz                     9.39kb / gzip: 2.75kb
dist/C:/Users/Student/Contacts/Clario-Complete-Backend/opside-complete-frontend/assets/CaseDetail-Cg0tpIAu.js.gz                  52.22kb / gzip: 13.43kb
dist/C:/Users/Student/Contacts/Clario-Complete-Backend/opside-complete-frontend/assets/Dashboard-C8epMa77.js.gz                   57.80kb / gzip: 14.02kb
dist/C:/Users/Student/Contacts/Clario-Complete-Backend/opside-complete-frontend/assets/date-fns-Cq9YiDYk.js.gz                    23.95kb / gzip: 6.73kb
dist/C:/Users/Student/Contacts/Clario-Complete-Backend/opside-complete-frontend/assets/Docs-CMy7x3BA.js.gz                        6.88kb / gzip: 2.26kb
dist/C:/Users/Student/Contacts/Clario-Complete-Backend/opside-complete-frontend/assets/DocumentDetail-DqYSOrbB.js.gz              28.54kb / gzip: 6.61kb
dist/C:/Users/Student/Contacts/Clario-Complete-Backend/opside-complete-frontend/assets/dropdown-menu-ChpMf6Ct.js.gz               3.43kb / gzip: 0.94kb
dist/C:/Users/Student/Contacts/Clario-Complete-Backend/opside-complete-frontend/assets/EvidenceOnboarding-C0ChzeS0.js.gz          2.46kb / gzip: 1.12kb
dist/C:/Users/Student/Contacts/Clario-Complete-Backend/opside-complete-frontend/assets/EvidenceSearch-CcTs-_dA.js.gz              1.87kb / gzip: 0.92kb
dist/C:/Users/Student/Contacts/Clario-Complete-Backend/opside-complete-frontend/assets/ExportCenter-CqjltIdq.js.gz                6.21kb / gzip: 2.04kb
dist/C:/Users/Student/Contacts/Clario-Complete-Backend/opside-complete-frontend/assets/Help-W2FkdDEQ.js.gz                        11.39kb / gzip: 3.67kb
dist/C:/Users/Student/Contacts/Clario-Complete-Backend/opside-complete-frontend/assets/EvidenceLocker-BIZKAeAS.js.gz              48.42kb / gzip: 12.34kb
dist/C:/Users/Student/Contacts/Clario-Complete-Backend/opside-complete-frontend/assets/Index-3329-XEc.js.gz                       37.08kb / gzip: 9.10kb
dist/C:/Users/Student/Contacts/Clario-Complete-Backend/opside-complete-frontend/assets/InvoiceDetail-Cv6zcO47.js.gz               2.96kb / gzip: 1.26kb
dist/C:/Users/Student/Contacts/Clario-Complete-Backend/opside-complete-frontend/assets/IntegrationsHub-D24Ns0x1.js.gz             38.89kb / gzip: 9.60kb
dist/C:/Users/Student/Contacts/Clario-Complete-Backend/opside-complete-frontend/assets/inventoryApi-CTkHK521.js.gz                3.87kb / gzip: 1.24kb
dist/C:/Users/Student/Contacts/Clario-Complete-Backend/opside-complete-frontend/assets/LearningInsights-DEoFzYqh.js.gz            7.43kb / gzip: 1.97kb
dist/C:/Users/Student/Contacts/Clario-Complete-Backend/opside-complete-frontend/assets/NotFound-Dq1cxr8Y.js.gz                    2.28kb / gzip: 0.98kb
dist/C:/Users/Student/Contacts/Clario-Complete-Backend/opside-complete-frontend/assets/MarginBoard-CpUFOxo-.js.gz                 4.28kb / gzip: 1.56kb
dist/C:/Users/Student/Contacts/Clario-Complete-Backend/opside-complete-frontend/assets/NotificationHub-CrFCnSAF.js.gz             18.83kb / gzip: 4.94kb
dist/C:/Users/Student/Contacts/Clario-Complete-Backend/opside-complete-frontend/assets/OAuthCallback-CLK_YXab.js.gz               5.41kb / gzip: 2.23kb
dist/C:/Users/Student/Contacts/Clario-Complete-Backend/opside-complete-frontend/assets/PageLayout-DRmWAEzX.js.gz                  1.35kb / gzip: 0.73kb
dist/C:/Users/Student/Contacts/Clario-Complete-Backend/opside-complete-frontend/assets/OAuthSuccess-iBMfhD84.js.gz                3.33kb / gzip: 1.40kb
dist/C:/Users/Student/Contacts/Clario-Complete-Backend/opside-complete-frontend/assets/popover-D-AIH9Xf.js.gz                     2.49kb / gzip: 1.05kb
dist/C:/Users/Student/Contacts/Clario-Complete-Backend/opside-complete-frontend/assets/Pricing-B6gMUQc9.js.gz                     4.25kb / gzip: 1.81kb
dist/C:/Users/Student/Contacts/Clario-Complete-Backend/opside-complete-frontend/assets/PublicNavbar-DfQdYXNa.js.gz                19.01kb / gzip: 3.79kb
dist/C:/Users/Student/Contacts/Clario-Complete-Backend/opside-complete-frontend/assets/Privacy-V-iutdqP.js.gz                     7.74kb / gzip: 2.26kb
dist/C:/Users/Student/Contacts/Clario-Complete-Backend/opside-complete-frontend/assets/QueueDashboard-BqVJxLD4.js.gz              13.27kb / gzip: 3.37kb
dist/C:/Users/Student/Contacts/Clario-Complete-Backend/opside-complete-frontend/assets/purify.es-Bzr520pe.js.gz                   21.92kb / gzip: 8.42kb
dist/C:/Users/Student/Contacts/Clario-Complete-Backend/opside-complete-frontend/assets/recoveryApi-lmZk5Mhj.js.gz                 2.88kb / gzip: 1.15kb
dist/C:/Users/Student/Contacts/Clario-Complete-Backend/opside-complete-frontend/assets/ReconnectProvider-W56bSPcG.js.gz           8.19kb / gzip: 2.94kb
dist/C:/Users/Student/Contacts/Clario-Complete-Backend/opside-complete-frontend/assets/Reports-BWBTaigZ.js.gz                     36.21kb / gzip: 8.74kb
dist/C:/Users/Student/Contacts/Clario-Complete-Backend/opside-complete-frontend/assets/ResolveCase-CdFISI_4.js.gz                 8.33kb / gzip: 3.01kb
dist/C:/Users/Student/Contacts/Clario-Complete-Backend/opside-complete-frontend/assets/RefundPolicy-DPA0EZYX.js.gz                4.64kb / gzip: 1.57kb
dist/C:/Users/Student/Contacts/Clario-Complete-Backend/opside-complete-frontend/assets/RevenueModel-C0Soy9xP.js.gz                11.98kb / gzip: 3.30kb
dist/C:/Users/Student/Contacts/Clario-Complete-Backend/opside-complete-frontend/assets/Sales-WATgOVUE.js.gz                       13.57kb / gzip: 4.34kb
dist/C:/Users/Student/Contacts/Clario-Complete-Backend/opside-complete-frontend/assets/select-NGdOxVXW.js.gz                      2.90kb / gzip: 1.07kb
dist/C:/Users/Student/Contacts/Clario-Complete-Backend/opside-complete-frontend/assets/Settings-Crez_eB5.js.gz                    35.09kb / gzip: 7.44kb
dist/C:/Users/Student/Contacts/Clario-Complete-Backend/opside-complete-frontend/assets/Sidebar-B4LHGRid.js.gz                     43.50kb / gzip: 11.39kb
dist/C:/Users/Student/Contacts/Clario-Complete-Backend/opside-complete-frontend/assets/table-B_JYucFv.js.gz                       1.55kb / gzip: 0.57kb
dist/C:/Users/Student/Contacts/Clario-Complete-Backend/opside-complete-frontend/assets/tabs-BmupXyxK.js.gz                        1.09kb / gzip: 0.46kb
dist/C:/Users/Student/Contacts/Clario-Complete-Backend/opside-complete-frontend/assets/SmartInventorySync-BGSax5Gt.js.gz          54.22kb / gzip: 10.87kb
dist/C:/Users/Student/Contacts/Clario-Complete-Backend/opside-complete-frontend/assets/TeamManagement-CftS0D2G.js.gz              5.84kb / gzip: 1.86kb
dist/C:/Users/Student/Contacts/Clario-Complete-Backend/opside-complete-frontend/assets/Sync-BQHVakv2.js.gz                        43.82kb / gzip: 12.14kb
dist/C:/Users/Student/Contacts/Clario-Complete-Backend/opside-complete-frontend/assets/Terms-DixjWMfc.js.gz                       9.11kb / gzip: 2.49kb
dist/C:/Users/Student/Contacts/Clario-Complete-Backend/opside-complete-frontend/assets/TransactionHistory-BFkE8HL9.js.gz          24.41kb / gzip: 7.46kb
dist/C:/Users/Student/Contacts/Clario-Complete-Backend/opside-complete-frontend/assets/tanstack-6kPKn-jw.js.gz                    23.38kb / gzip: 6.95kb
dist/C:/Users/Student/Contacts/Clario-Complete-Backend/opside-complete-frontend/assets/usePageMeta-D0dvMaHf.js.gz                 1.99kb / gzip: 0.99kb
dist/C:/Users/Student/Contacts/Clario-Complete-Backend/opside-complete-frontend/assets/UltraBeta-BF2qwWpu.js.gz                   8.02kb / gzip: 2.97kb
dist/C:/Users/Student/Contacts/Clario-Complete-Backend/opside-complete-frontend/assets/UpcomingPayments-CXQQBOa6.js.gz            15.38kb / gzip: 4.49kb
dist/C:/Users/Student/Contacts/Clario-Complete-Backend/opside-complete-frontend/assets/Waitlist-BVFNxD1J.js.gz                    12.38kb / gzip: 3.78kb
dist/C:/Users/Student/Contacts/Clario-Complete-Backend/opside-complete-frontend/index.html.gz                                     2.54kb / gzip: 0.97kb
dist/C:/Users/Student/Contacts/Clario-Complete-Backend/opside-complete-frontend/assets/WhatsNew-BqmMQQ8h.js.gz                    7.34kb / gzip: 2.86kb
dist/C:/Users/Student/Contacts/Clario-Complete-Backend/opside-complete-frontend/assets/OAuthProviderSandbox-BtkUwKmY.js.gz        2.27kb / gzip: 1.07kb
dist/C:/Users/Student/Contacts/Clario-Complete-Backend/opside-complete-frontend/assets/index-hdqbDUxT.css.gz                      158.78kb / gzip: 23.73kb
dist/C:/Users/Student/Contacts/Clario-Complete-Backend/opside-complete-frontend/assets/html2canvas.esm-Ge7aVWlp.js.gz             196.68kb / gzip: 46.13kb
dist/C:/Users/Student/Contacts/Clario-Complete-Backend/opside-complete-frontend/assets/Recoveries-D59aq_XT.js.gz                  193.64kb / gzip: 42.69kb
dist/C:/Users/Student/Contacts/Clario-Complete-Backend/opside-complete-frontend/assets/index.es-MNohUE-M.js.gz                    155.00kb / gzip: 51.61kb
dist/C:/Users/Student/Contacts/Clario-Complete-Backend/opside-complete-frontend/assets/index-CkPMKRS7.js.gz                       245.42kb / gzip: 77.84kb
dist/C:/Users/Student/Contacts/Clario-Complete-Backend/opside-complete-frontend/assets/index-B3OIgK6O.js.gz                       310.49kb / gzip: 101.42kb
dist/C:/Users/Student/Contacts/Clario-Complete-Backend/opside-complete-frontend/assets/recharts-B6D7MmZy.js.gz                    474.47kb / gzip: 124.07kb
dist/C:/Users/Student/Contacts/Clario-Complete-Backend/opside-complete-frontend/assets/jspdf.plugin.autotable-CowD-gKE.js.gz      405.92kb / gzip: 131.67kb
dist/C:/Users/Student/Contacts/Clario-Complete-Backend/opside-complete-frontend/assets/react-vendor-DofDo7N3.js.gz                439.54kb / gzip: 138.10kb



Γ£¿ [vite-plugin-compression]:algorithm=brotliCompress - compressed file successfully: 
dist/C:/Users/Student/Contacts/Clario-Complete-Backend/opside-complete-frontend/assets/About-DC2VPgG1.js.br                       5.52kb / brotliCompress: 1.71kb
dist/C:/Users/Student/Contacts/Clario-Complete-Backend/opside-complete-frontend/assets/AmazonConnect-BJvP8hKu.js.br               4.28kb / brotliCompress: 1.59kb
dist/C:/Users/Student/Contacts/Clario-Complete-Backend/opside-complete-frontend/assets/AmazonSandbox-Q8VCcY22.js.br               4.42kb / brotliCompress: 1.46kb
dist/C:/Users/Student/Contacts/Clario-Complete-Backend/opside-complete-frontend/assets/AmazonAuthTest-CsF17kQG.js.br              3.97kb / brotliCompress: 1.33kb
dist/C:/Users/Student/Contacts/Clario-Complete-Backend/opside-complete-frontend/assets/Admin-CdoRE45a.js.br                       14.28kb / brotliCompress: 3.25kb
dist/C:/Users/Student/Contacts/Clario-Complete-Backend/opside-complete-frontend/assets/Agent1Test-rSXxLINK.js.br                  9.14kb / brotliCompress: 2.52kb
dist/C:/Users/Student/Contacts/Clario-Complete-Backend/opside-complete-frontend/assets/AdminRevenue-BO84znaV.js.br                10.29kb / brotliCompress: 1.77kb
dist/C:/Users/Student/Contacts/Clario-Complete-Backend/opside-complete-frontend/assets/ApiAccess-BsNJHVCO.js.br                   10.97kb / brotliCompress: 3.44kb
dist/C:/Users/Student/Contacts/Clario-Complete-Backend/opside-complete-frontend/assets/AnalyzingScreen-B7bpzjEv.js.br             6.00kb / brotliCompress: 1.85kb
dist/C:/Users/Student/Contacts/Clario-Complete-Backend/opside-complete-frontend/assets/AdminUsersAndIntegrations-CWQkgiRD.js.br   11.23kb / brotliCompress: 2.60kb
dist/C:/Users/Student/Contacts/Clario-Complete-Backend/opside-complete-frontend/assets/Branding-0bVJlqQD.js.br                    2.35kb / brotliCompress: 0.86kb
dist/C:/Users/Student/Contacts/Clario-Complete-Backend/opside-complete-frontend/assets/card-Br-8RQHy.js.br                        1.08kb / brotliCompress: 0.36kb
dist/C:/Users/Student/Contacts/Clario-Complete-Backend/opside-complete-frontend/assets/ApiLanding-DuBqI-wg.js.br                  10.36kb / brotliCompress: 2.46kb
dist/C:/Users/Student/Contacts/Clario-Complete-Backend/opside-complete-frontend/assets/BrandFooter-n05r49ZG.js.br                 6.40kb / brotliCompress: 2.29kb
dist/C:/Users/Student/Contacts/Clario-Complete-Backend/opside-complete-frontend/assets/Billing-Bn6R7pci.js.br                     17.48kb / brotliCompress: 4.67kb
dist/C:/Users/Student/Contacts/Clario-Complete-Backend/opside-complete-frontend/assets/Contact-DGPMHiVv.js.br                     9.39kb / brotliCompress: 2.33kb
dist/C:/Users/Student/Contacts/Clario-Complete-Backend/opside-complete-frontend/assets/Careers-CUHF911j.js.br                     14.95kb / brotliCompress: 3.89kb
dist/C:/Users/Student/Contacts/Clario-Complete-Backend/opside-complete-frontend/assets/Docs-CMy7x3BA.js.br                        6.88kb / brotliCompress: 1.78kb
dist/C:/Users/Student/Contacts/Clario-Complete-Backend/opside-complete-frontend/assets/date-fns-Cq9YiDYk.js.br                    23.95kb / brotliCompress: 6.02kb
dist/C:/Users/Student/Contacts/Clario-Complete-Backend/opside-complete-frontend/assets/dropdown-menu-ChpMf6Ct.js.br               3.43kb / brotliCompress: 0.80kb
dist/C:/Users/Student/Contacts/Clario-Complete-Backend/opside-complete-frontend/assets/EvidenceOnboarding-C0ChzeS0.js.br          2.46kb / brotliCompress: 0.95kb
dist/C:/Users/Student/Contacts/Clario-Complete-Backend/opside-complete-frontend/assets/EvidenceSearch-CcTs-_dA.js.br              1.87kb / brotliCompress: 0.80kb
dist/C:/Users/Student/Contacts/Clario-Complete-Backend/opside-complete-frontend/assets/DocumentDetail-DqYSOrbB.js.br              28.54kb / brotliCompress: 5.75kb
dist/C:/Users/Student/Contacts/Clario-Complete-Backend/opside-complete-frontend/assets/CaseDetail-Cg0tpIAu.js.br                  52.22kb / brotliCompress: 11.48kb
dist/C:/Users/Student/Contacts/Clario-Complete-Backend/opside-complete-frontend/assets/ExportCenter-CqjltIdq.js.br                6.21kb / brotliCompress: 1.77kb
dist/C:/Users/Student/Contacts/Clario-Complete-Backend/opside-complete-frontend/assets/Help-W2FkdDEQ.js.br                        11.39kb / brotliCompress: 3.08kb
dist/C:/Users/Student/Contacts/Clario-Complete-Backend/opside-complete-frontend/assets/Dashboard-C8epMa77.js.br                   57.80kb / brotliCompress: 12.17kb
dist/C:/Users/Student/Contacts/Clario-Complete-Backend/opside-complete-frontend/assets/EvidenceLocker-BIZKAeAS.js.br              48.42kb / brotliCompress: 10.80kb
dist/C:/Users/Student/Contacts/Clario-Complete-Backend/opside-complete-frontend/assets/Index-3329-XEc.js.br                       37.08kb / brotliCompress: 7.71kb
dist/C:/Users/Student/Contacts/Clario-Complete-Backend/opside-complete-frontend/assets/inventoryApi-CTkHK521.js.br                3.87kb / brotliCompress: 1.10kb
dist/C:/Users/Student/Contacts/Clario-Complete-Backend/opside-complete-frontend/assets/InvoiceDetail-Cv6zcO47.js.br               2.96kb / brotliCompress: 1.10kb
dist/C:/Users/Student/Contacts/Clario-Complete-Backend/opside-complete-frontend/assets/NotFound-Dq1cxr8Y.js.br                    2.28kb / brotliCompress: 0.83kb
dist/C:/Users/Student/Contacts/Clario-Complete-Backend/opside-complete-frontend/assets/IntegrationsHub-D24Ns0x1.js.br             38.89kb / brotliCompress: 8.28kb
dist/C:/Users/Student/Contacts/Clario-Complete-Backend/opside-complete-frontend/assets/MarginBoard-CpUFOxo-.js.br                 4.28kb / brotliCompress: 1.27kb
dist/C:/Users/Student/Contacts/Clario-Complete-Backend/opside-complete-frontend/assets/LearningInsights-DEoFzYqh.js.br            7.43kb / brotliCompress: 1.69kb
dist/C:/Users/Student/Contacts/Clario-Complete-Backend/opside-complete-frontend/assets/OAuthCallback-CLK_YXab.js.br               5.41kb / brotliCompress: 1.95kb
dist/C:/Users/Student/Contacts/Clario-Complete-Backend/opside-complete-frontend/assets/OAuthProviderSandbox-BtkUwKmY.js.br        2.27kb / brotliCompress: 0.93kb
dist/C:/Users/Student/Contacts/Clario-Complete-Backend/opside-complete-frontend/assets/OAuthSuccess-iBMfhD84.js.br                3.33kb / brotliCompress: 1.23kb
dist/C:/Users/Student/Contacts/Clario-Complete-Backend/opside-complete-frontend/assets/NotificationHub-CrFCnSAF.js.br             18.83kb / brotliCompress: 4.27kb
dist/C:/Users/Student/Contacts/Clario-Complete-Backend/opside-complete-frontend/assets/popover-D-AIH9Xf.js.br                     2.49kb / brotliCompress: 0.90kb
dist/C:/Users/Student/Contacts/Clario-Complete-Backend/opside-complete-frontend/assets/PageLayout-DRmWAEzX.js.br                  1.35kb / brotliCompress: 0.63kb
dist/C:/Users/Student/Contacts/Clario-Complete-Backend/opside-complete-frontend/assets/Pricing-B6gMUQc9.js.br                     4.25kb / brotliCompress: 1.56kb
dist/C:/Users/Student/Contacts/Clario-Complete-Backend/opside-complete-frontend/assets/Privacy-V-iutdqP.js.br                     7.74kb / brotliCompress: 1.80kb
dist/C:/Users/Student/Contacts/Clario-Complete-Backend/opside-complete-frontend/assets/PublicNavbar-DfQdYXNa.js.br                19.01kb / brotliCompress: 3.27kb
dist/C:/Users/Student/Contacts/Clario-Complete-Backend/opside-complete-frontend/assets/QueueDashboard-BqVJxLD4.js.br              13.27kb / brotliCompress: 2.89kb
dist/C:/Users/Student/Contacts/Clario-Complete-Backend/opside-complete-frontend/assets/ReconnectProvider-W56bSPcG.js.br           8.19kb / brotliCompress: 2.54kb
dist/C:/Users/Student/Contacts/Clario-Complete-Backend/opside-complete-frontend/assets/purify.es-Bzr520pe.js.br                   21.92kb / brotliCompress: 7.56kb
dist/C:/Users/Student/Contacts/Clario-Complete-Backend/opside-complete-frontend/assets/recoveryApi-lmZk5Mhj.js.br                 2.88kb / brotliCompress: 0.98kb
dist/C:/Users/Student/Contacts/Clario-Complete-Backend/opside-complete-frontend/assets/RefundPolicy-DPA0EZYX.js.br                4.64kb / brotliCompress: 1.25kb
dist/C:/Users/Student/Contacts/Clario-Complete-Backend/opside-complete-frontend/assets/Reports-BWBTaigZ.js.br                     36.21kb / brotliCompress: 7.73kb
dist/C:/Users/Student/Contacts/Clario-Complete-Backend/opside-complete-frontend/assets/ResolveCase-CdFISI_4.js.br                 8.33kb / brotliCompress: 2.62kb
dist/C:/Users/Student/Contacts/Clario-Complete-Backend/opside-complete-frontend/assets/Sales-WATgOVUE.js.br                       13.57kb / brotliCompress: 3.61kb
dist/C:/Users/Student/Contacts/Clario-Complete-Backend/opside-complete-frontend/assets/select-NGdOxVXW.js.br                      2.90kb / brotliCompress: 0.91kb
dist/C:/Users/Student/Contacts/Clario-Complete-Backend/opside-complete-frontend/assets/RevenueModel-C0Soy9xP.js.br                11.98kb / brotliCompress: 2.89kb
dist/C:/Users/Student/Contacts/Clario-Complete-Backend/opside-complete-frontend/assets/Sidebar-B4LHGRid.js.br                     43.50kb / brotliCompress: 9.99kb
dist/C:/Users/Student/Contacts/Clario-Complete-Backend/opside-complete-frontend/assets/SmartInventorySync-BGSax5Gt.js.br          54.22kb / brotliCompress: 9.39kb
dist/C:/Users/Student/Contacts/Clario-Complete-Backend/opside-complete-frontend/assets/table-B_JYucFv.js.br                       1.55kb / brotliCompress: 0.47kb
dist/C:/Users/Student/Contacts/Clario-Complete-Backend/opside-complete-frontend/assets/Settings-Crez_eB5.js.br                    35.09kb / brotliCompress: 6.26kb
dist/C:/Users/Student/Contacts/Clario-Complete-Backend/opside-complete-frontend/assets/tabs-BmupXyxK.js.br                        1.09kb / brotliCompress: 0.38kb
dist/C:/Users/Student/Contacts/Clario-Complete-Backend/opside-complete-frontend/assets/TeamManagement-CftS0D2G.js.br              5.84kb / brotliCompress: 1.63kb
dist/C:/Users/Student/Contacts/Clario-Complete-Backend/opside-complete-frontend/assets/Sync-BQHVakv2.js.br                        43.82kb / brotliCompress: 10.61kb
dist/C:/Users/Student/Contacts/Clario-Complete-Backend/opside-complete-frontend/assets/tanstack-6kPKn-jw.js.br                    23.38kb / brotliCompress: 6.36kb
dist/C:/Users/Student/Contacts/Clario-Complete-Backend/opside-complete-frontend/assets/Terms-DixjWMfc.js.br                       9.11kb / brotliCompress: 1.98kb
dist/C:/Users/Student/Contacts/Clario-Complete-Backend/opside-complete-frontend/assets/UltraBeta-BF2qwWpu.js.br                   8.02kb / brotliCompress: 2.50kb
dist/C:/Users/Student/Contacts/Clario-Complete-Backend/opside-complete-frontend/assets/TransactionHistory-BFkE8HL9.js.br          24.41kb / brotliCompress: 6.51kb
dist/C:/Users/Student/Contacts/Clario-Complete-Backend/opside-complete-frontend/assets/usePageMeta-D0dvMaHf.js.br                 1.99kb / brotliCompress: 0.83kb
dist/C:/Users/Student/Contacts/Clario-Complete-Backend/opside-complete-frontend/assets/UpcomingPayments-CXQQBOa6.js.br            15.38kb / brotliCompress: 3.91kb
dist/C:/Users/Student/Contacts/Clario-Complete-Backend/opside-complete-frontend/index.html.br                                     2.54kb / brotliCompress: 0.70kb
dist/C:/Users/Student/Contacts/Clario-Complete-Backend/opside-complete-frontend/assets/WhatsNew-BqmMQQ8h.js.br                    7.34kb / brotliCompress: 2.38kb
dist/C:/Users/Student/Contacts/Clario-Complete-Backend/opside-complete-frontend/assets/Waitlist-BVFNxD1J.js.br                    12.38kb / brotliCompress: 3.19kb
dist/C:/Users/Student/Contacts/Clario-Complete-Backend/opside-complete-frontend/assets/index-hdqbDUxT.css.br                      158.78kb / brotliCompress: 18.51kb
dist/C:/Users/Student/Contacts/Clario-Complete-Backend/opside-complete-frontend/assets/html2canvas.esm-Ge7aVWlp.js.br             196.68kb / brotliCompress: 37.48kb
dist/C:/Users/Student/Contacts/Clario-Complete-Backend/opside-complete-frontend/assets/index.es-MNohUE-M.js.br                    155.00kb / brotliCompress: 45.04kb
dist/C:/Users/Student/Contacts/Clario-Complete-Backend/opside-complete-frontend/assets/Recoveries-D59aq_XT.js.br                  193.64kb / brotliCompress: 35.33kb
dist/C:/Users/Student/Contacts/Clario-Complete-Backend/opside-complete-frontend/assets/index-CkPMKRS7.js.br                       245.42kb / brotliCompress: 67.66kb
dist/C:/Users/Student/Contacts/Clario-Complete-Backend/opside-complete-frontend/assets/index-B3OIgK6O.js.br                       310.49kb / brotliCompress: 85.64kb
dist/C:/Users/Student/Contacts/Clario-Complete-Backend/opside-complete-frontend/assets/jspdf.plugin.autotable-CowD-gKE.js.br      405.92kb / brotliCompress: 111.36kb
dist/C:/Users/Student/Contacts/Clario-Complete-Backend/opside-complete-frontend/assets/react-vendor-DofDo7N3.js.br                439.54kb / brotliCompress: 115.55kb
dist/C:/Users/Student/Contacts/Clario-Complete-Backend/opside-complete-frontend/assets/recharts-B6D7MmZy.js.br                    474.47kb / brotliCompress: 98.55kb


