
> vite_react_shadcn_ts@0.0.0 dev
> vite --host 0.0.0.0 --port 8080

[2m10:06:55[22m [36m[1m[vite][22m[39m [90m[2m(client)[22m[39m Re-optimizing dependencies because vite config has changed

  [32m[1mVITE[22m v7.2.2[39m  [2mready in [0m[1m1263[22m[2m[0m ms[22m

  [32m➜[39m  [1mLocal[22m:   [36mhttp://localhost:[1m8080[22m/[39m
  [32m➜[39m  [1mNetwork[22m: [36mhttp://192.168.0.103:[1m8080[22m/[39m
[2m[32m  ➜[39m[22m[2m  press [22m[1mh + enter[22m[2m to show help[22m
[Proxy] POST /api/metrics/track -> http://localhost:3001/api/metrics/track
[Proxy] POST /api/metrics/track -> http://localhost:3001/api/metrics/track
[Proxy] POST /api/metrics/track -> http://localhost:3001/api/metrics/track
[Proxy] POST /api/metrics/track -> http://localhost:3001/api/metrics/track
[Proxy] GET /api/onboarding/capacity -> http://localhost:3001/api/onboarding/capacity
[Proxy] POST /api/metrics/track -> http://localhost:3001/api/metrics/track
[Proxy] POST /api/metrics/track -> http://localhost:3001/api/metrics/track
[Proxy] POST /api/metrics/track -> http://localhost:3001/api/metrics/track
[Proxy] POST /api/metrics/track -> http://localhost:3001/api/metrics/track
[Proxy] POST /api/metrics/track -> http://localhost:3001/api/metrics/track
[Proxy] POST /api/metrics/track -> http://localhost:3001/api/metrics/track
[Proxy] POST /api/metrics/track -> http://localhost:3001/api/metrics/track
[Proxy] POST /api/metrics/track -> http://localhost:3001/api/metrics/track
[Proxy] POST /api/metrics/track -> http://localhost:3001/api/metrics/track
[Proxy] POST /api/metrics/track -> http://localhost:3001/api/metrics/track
[Proxy] POST /api/metrics/track -> http://localhost:3001/api/metrics/track
[Proxy] POST /api/metrics/track -> http://localhost:3001/api/metrics/track
[Proxy] POST /api/metrics/track -> http://localhost:3001/api/metrics/track
[Proxy] POST /api/metrics/track -> http://localhost:3001/api/metrics/track
[Proxy] POST /api/metrics/track -> http://localhost:3001/api/metrics/track
[Proxy] POST /api/metrics/track -> http://localhost:3001/api/metrics/track
[Proxy] POST /api/metrics/track -> http://localhost:3001/api/metrics/track
[Proxy] POST /api/metrics/track -> http://localhost:3001/api/metrics/track
[Proxy] POST /api/metrics/track -> http://localhost:3001/api/metrics/track
[Proxy] POST /api/metrics/track -> http://localhost:3001/api/metrics/track
[Proxy] POST /api/metrics/track -> http://localhost:3001/api/metrics/track
[Proxy] POST /api/metrics/track -> http://localhost:3001/api/metrics/track
[Proxy] POST /api/metrics/track -> http://localhost:3001/api/metrics/track
[Proxy] POST /api/metrics/track -> http://localhost:3001/api/metrics/track
[Proxy] POST /api/metrics/track -> http://localhost:3001/api/metrics/track
[Proxy] POST /api/metrics/track -> http://localhost:3001/api/metrics/track
[Proxy] POST /api/metrics/track -> http://localhost:3001/api/metrics/track
[Proxy] POST /api/metrics/track -> http://localhost:3001/api/metrics/track
[Proxy] POST /api/metrics/track -> http://localhost:3001/api/metrics/track
[Proxy] POST /api/metrics/track -> http://localhost:3001/api/metrics/track
[Proxy] POST /api/metrics/track -> http://localhost:3001/api/metrics/track
[Proxy] POST /api/metrics/track -> http://localhost:3001/api/metrics/track
[Proxy] POST /api/metrics/track -> http://localhost:3001/api/metrics/track
[Proxy] POST /api/metrics/track -> http://localhost:3001/api/metrics/track
[Proxy] POST /api/metrics/track -> http://localhost:3001/api/metrics/track
[Proxy] POST /api/metrics/track -> http://localhost:3001/api/metrics/track
[Proxy] POST /api/metrics/track -> http://localhost:3001/api/metrics/track
[Proxy] POST /api/metrics/track -> http://localhost:3001/api/metrics/track
[Proxy] POST /api/metrics/track -> http://localhost:3001/api/metrics/track
[Proxy] POST /api/metrics/track -> http://localhost:3001/api/metrics/track
[2m10:27:18[22m [36m[1m[vite][22m[39m [90m[2m(client)[22m[39m [32mhmr update [39m[2m/src/pages/audit.tsx, /src/index.css[22m
[2m10:30:34[22m [36m[1m[vite][22m[39m [90m[2m(client)[22m[39m [32mhmr update [39m[2m/src/pages/audit.tsx, /src/index.css[22m
[Proxy] POST /api/metrics/track -> http://localhost:3001/api/metrics/track
[Proxy] POST /api/metrics/track -> http://localhost:3001/api/metrics/track
[Proxy] POST /api/metrics/track -> http://localhost:3001/api/metrics/track
[Proxy] POST /api/metrics/track -> http://localhost:3001/api/metrics/track
[Proxy] POST /api/metrics/track -> http://localhost:3001/api/metrics/track
[Proxy] POST /api/metrics/track -> http://localhost:3001/api/metrics/track
[Proxy] POST /api/metrics/track -> http://localhost:3001/api/metrics/track
[Proxy] POST /api/metrics/track -> http://localhost:3001/api/metrics/track
[Proxy] POST /api/metrics/track -> http://localhost:3001/api/metrics/track
[Proxy] POST /api/metrics/track -> http://localhost:3001/api/metrics/track
[Proxy] POST /api/metrics/track -> http://localhost:3001/api/metrics/track
[Proxy] POST /api/metrics/track -> http://localhost:3001/api/metrics/track
[Proxy] POST /api/metrics/track -> http://localhost:3001/api/metrics/track
[Proxy] POST /api/metrics/track -> http://localhost:3001/api/metrics/track
[Proxy] POST /api/metrics/track -> http://localhost:3001/api/metrics/track
[Proxy] POST /api/metrics/track -> http://localhost:3001/api/metrics/track
[Proxy] POST /api/metrics/track -> http://localhost:3001/api/metrics/track
[Proxy] POST /api/metrics/track -> http://localhost:3001/api/metrics/track
[Proxy] POST /api/metrics/track -> http://localhost:3001/api/metrics/track
[Proxy] POST /api/metrics/track -> http://localhost:3001/api/metrics/track
[Proxy] POST /api/metrics/track -> http://localhost:3001/api/metrics/track
[Proxy] POST /api/metrics/track -> http://localhost:3001/api/metrics/track
[Proxy] POST /api/metrics/track -> http://localhost:3001/api/metrics/track
[2m16:07:20[22m [36m[1m[vite][22m[39m [90m[2m(client)[22m[39m [32mhmr update [39m[2m/src/pages/audit.tsx, /src/index.css[22m
[2m16:16:07[22m [36m[1m[vite][22m[39m [90m[2m(client)[22m[39m [32mhmr update [39m[2m/src/pages/audit.tsx, /src/index.css[22m
[Proxy] POST /api/metrics/track -> http://localhost:3001/api/metrics/track
[2m16:24:40[22m [36m[1m[vite][22m[39m [90m[2m(client)[22m[39m [32mhmr update [39m[2m/src/pages/audit.tsx, /src/index.css[22m
[Proxy] POST /api/metrics/track -> http://localhost:3001/api/metrics/track
[2m16:39:12[22m [36m[1m[vite][22m[39m [90m[2m(client)[22m[39m [32mhmr update [39m[2m/src/pages/audit.tsx, /src/index.css[22m
[2m16:50:02[22m [36m[1m[vite][22m[39m [90m[2m(client)[22m[39m [32mhmr update [39m[2m/src/pages/audit.tsx, /src/index.css[22m
[2m16:52:55[22m [36m[1m[vite][22m[39m [90m[2m(client)[22m[39m [32mhmr update [39m[2m/src/pages/audit.tsx, /src/index.css[22m
[2m17:02:04[22m [36m[1m[vite][22m[39m [90m[2m(client)[22m[39m [32mhmr update [39m[2m/src/pages/audit.tsx, /src/index.css[22m
[Proxy] POST /api/metrics/track -> http://localhost:3001/api/metrics/track
[Proxy] POST /api/metrics/track -> http://localhost:3001/api/metrics/track
[Proxy] POST /api/metrics/track -> http://localhost:3001/api/metrics/track
[Proxy] POST /api/metrics/track -> http://localhost:3001/api/metrics/track
[Proxy] GET /api/onboarding/capacity -> http://localhost:3001/api/onboarding/capacity
[Proxy] POST /api/metrics/track -> http://localhost:3001/api/metrics/track
[Proxy] POST /api/metrics/track -> http://localhost:3001/api/metrics/track
[Proxy] POST /api/metrics/track -> http://localhost:3001/api/metrics/track
[Proxy] POST /api/metrics/track -> http://localhost:3001/api/metrics/track
[Proxy] POST /api/metrics/track -> http://localhost:3001/api/metrics/track
[Proxy] POST /api/metrics/track -> http://localhost:3001/api/metrics/track
[Proxy] POST /api/metrics/track -> http://localhost:3001/api/metrics/track
[Proxy] POST /api/metrics/track -> http://localhost:3001/api/metrics/track
[Proxy] POST /api/metrics/track -> http://localhost:3001/api/metrics/track
[Proxy] POST /api/metrics/track -> http://localhost:3001/api/metrics/track
[Proxy] POST /api/metrics/track -> http://localhost:3001/api/metrics/track
[Proxy] POST /api/metrics/track -> http://localhost:3001/api/metrics/track
[Proxy] POST /api/metrics/track -> http://localhost:3001/api/metrics/track
[Proxy] POST /api/metrics/track -> http://localhost:3001/api/metrics/track
[Proxy] POST /api/metrics/track -> http://localhost:3001/api/metrics/track
[Proxy] POST /api/metrics/track -> http://localhost:3001/api/metrics/track
[Proxy] POST /api/metrics/track -> http://localhost:3001/api/metrics/track
[Proxy] POST /api/metrics/track -> http://localhost:3001/api/metrics/track
[Proxy] POST /api/metrics/track -> http://localhost:3001/api/metrics/track
[Proxy] POST /api/metrics/track -> http://localhost:3001/api/metrics/track
[Proxy] POST /api/metrics/track -> http://localhost:3001/api/metrics/track
[Proxy] POST /api/metrics/track -> http://localhost:3001/api/metrics/track
[Proxy] POST /api/metrics/track -> http://localhost:3001/api/metrics/track
[Proxy] POST /api/metrics/track -> http://localhost:3001/api/metrics/track
[Proxy] POST /api/metrics/track -> http://localhost:3001/api/metrics/track
[Proxy] POST /api/metrics/track -> http://localhost:3001/api/metrics/track
[Proxy] POST /api/metrics/track -> http://localhost:3001/api/metrics/track
[Proxy] POST /api/metrics/track -> http://localhost:3001/api/metrics/track
[Proxy] POST /api/metrics/track -> http://localhost:3001/api/metrics/track
[Proxy] POST /api/metrics/track -> http://localhost:3001/api/metrics/track
[Proxy] POST /api/metrics/track -> http://localhost:3001/api/metrics/track
[Proxy] POST /api/metrics/track -> http://localhost:3001/api/metrics/track
[Proxy] POST /api/metrics/track -> http://localhost:3001/api/metrics/track
[Proxy] POST /api/metrics/track -> http://localhost:3001/api/metrics/track
[Proxy] POST /api/metrics/track -> http://localhost:3001/api/metrics/track
[Proxy] POST /api/metrics/track -> http://localhost:3001/api/metrics/track
[Proxy] POST /api/metrics/track -> http://localhost:3001/api/metrics/track
[2m17:37:12[22m [36m[1m[vite][22m[39m [90m[2m(client)[22m[39m [32mhmr update [39m[2m/src/pages/audit.tsx, /src/index.css[22m
[2m17:37:12[22m [36m[1m[vite][22m[39m [90m[2m(client)[22m[39m [32mhmr update [39m[2m/src/pages/audit.tsx, /src/index.css[22m
[2m18:20:37[22m [36m[1m[vite][22m[39m [90m[2m(client)[22m[39m [32mhmr update [39m[2m/src/pages/Index.tsx, /src/index.css[22m
[2m18:20:37[22m [36m[1m[vite][22m[39m [90m[2m(client)[22m[39m [32mhmr update [39m[2m/src/pages/Index.tsx, /src/index.css[22m
[2m18:38:36[22m [36m[1m[vite][22m[39m [90m[2m(client)[22m[39m [32mpage reload [39m[2mpublic/ffmpeg_folder/ffmpeg-master-latest-win64-gpl/doc/ffprobe.html[22m
[2m18:38:36[22m [36m[1m[vite][22m[39m [90m[2m(client)[22m[39m [32mpage reload [39m[2mpublic/ffmpeg_folder/ffmpeg-master-latest-win64-gpl/doc/ffmpeg-all.html[22m
[2m18:38:36[22m [36m[1m[vite][22m[39m [90m[2m(client)[22m[39m [32mpage reload [39m[2mpublic/ffmpeg_folder/ffmpeg-master-latest-win64-gpl/doc/ffmpeg-all.html[22m
[2m18:38:36[22m [36m[1m[vite][22m[39m [90m[2m(client)[22m[39m [32mpage reload [39m[2mpublic/ffmpeg_folder/ffmpeg-master-latest-win64-gpl/doc/platform.html[22m
[2m18:38:36[22m [36m[1m[vite][22m[39m [90m[2m(client)[22m[39m [32mpage reload [39m[2mpublic/ffmpeg_folder/ffmpeg-master-latest-win64-gpl/doc/platform.html[22m
[2m18:38:36[22m [36m[1m[vite][22m[39m [90m[2m(client)[22m[39m [32mpage reload [39m[2mpublic/ffmpeg_folder/ffmpeg-master-latest-win64-gpl/doc/faq.html[22m
[2m18:38:36[22m [36m[1m[vite][22m[39m [90m[2m(client)[22m[39m [32mpage reload [39m[2mpublic/ffmpeg_folder/ffmpeg-master-latest-win64-gpl/doc/libavformat.html[22m
[2m18:38:36[22m [36m[1m[vite][22m[39m [90m[2m(client)[22m[39m [32mpage reload [39m[2mpublic/ffmpeg_folder/ffmpeg-master-latest-win64-gpl/doc/ffmpeg.html[22m
[2m18:38:36[22m [36m[1m[vite][22m[39m [90m[2m(client)[22m[39m [32mpage reload [39m[2mpublic/ffmpeg_folder/ffmpeg-master-latest-win64-gpl/doc/git-howto.html[22m
[2m18:38:36[22m [36m[1m[vite][22m[39m [90m[2m(client)[22m[39m [32mpage reload [39m[2mpublic/ffmpeg_folder/ffmpeg-master-latest-win64-gpl/doc/git-howto.html[22m
[2m18:38:37[22m [36m[1m[vite][22m[39m [90m[2m(client)[22m[39m [32mpage reload [39m[2mpublic/ffmpeg_folder/ffmpeg-master-latest-win64-gpl/doc/mailing-list-faq.html[22m
[2m18:38:37[22m [36m[1m[vite][22m[39m [90m[2m(client)[22m[39m [32mpage reload [39m[2mpublic/ffmpeg_folder/ffmpeg-master-latest-win64-gpl/doc/developer.html[22m
[2m18:38:37[22m [36m[1m[vite][22m[39m [90m[2m(client)[22m[39m [32mpage reload [39m[2mpublic/ffmpeg_folder/ffmpeg-master-latest-win64-gpl/doc/libavdevice.html[22m
[2m18:38:37[22m [36m[1m[vite][22m[39m [90m[2m(client)[22m[39m [32mpage reload [39m[2mpublic/ffmpeg_folder/ffmpeg-master-latest-win64-gpl/doc/community.html[22m
[2m18:38:37[22m [36m[1m[vite][22m[39m [90m[2m(client)[22m[39m [32mpage reload [39m[2mpublic/ffmpeg_folder/ffmpeg-master-latest-win64-gpl/doc/ffmpeg-utils.html[22m
[2m18:38:37[22m [36m[1m[vite][22m[39m [90m[2m(client)[22m[39m [32mpage reload [39m[2mpublic/ffmpeg_folder/ffmpeg-master-latest-win64-gpl/doc/ffmpeg-codecs.html[22m
[2m18:38:37[22m [36m[1m[vite][22m[39m [90m[2m(client)[22m[39m [32mpage reload [39m[2mpublic/ffmpeg_folder/ffmpeg-master-latest-win64-gpl/doc/ffmpeg-codecs.html[22m
[2m18:38:37[22m [36m[1m[vite][22m[39m [90m[2m(client)[22m[39m [32mpage reload [39m[2mpublic/ffmpeg_folder/ffmpeg-master-latest-win64-gpl/doc/libavcodec.html[22m
[2m18:38:37[22m [36m[1m[vite][22m[39m [90m[2m(client)[22m[39m [32mpage reload [39m[2mpublic/ffmpeg_folder/ffmpeg-master-latest-win64-gpl/doc/ffmpeg-scaler.html[22m
[2m18:38:37[22m [36m[1m[vite][22m[39m [90m[2m(client)[22m[39m [32mpage reload [39m[2mpublic/ffmpeg_folder/ffmpeg-master-latest-win64-gpl/doc/libswresample.html[22m
[2m18:38:37[22m [36m[1m[vite][22m[39m [90m[2m(client)[22m[39m [32mpage reload [39m[2mpublic/ffmpeg_folder/ffmpeg-master-latest-win64-gpl/doc/general.html[22m
[2m18:38:37[22m [36m[1m[vite][22m[39m [90m[2m(client)[22m[39m [32mpage reload [39m[2mpublic/ffmpeg_folder/ffmpeg-master-latest-win64-gpl/doc/drawvg-reference.html[22m
[2m18:38:37[22m [36m[1m[vite][22m[39m [90m[2m(client)[22m[39m [32mpage reload [39m[2mpublic/ffmpeg_folder/ffmpeg-master-latest-win64-gpl/doc/drawvg-reference.html[22m
[2m18:38:37[22m [36m[1m[vite][22m[39m [90m[2m(client)[22m[39m [32mpage reload [39m[2mpublic/ffmpeg_folder/ffmpeg-master-latest-win64-gpl/doc/ffplay.html[22m
[2m18:38:37[22m [36m[1m[vite][22m[39m [90m[2m(client)[22m[39m [32mpage reload [39m[2mpublic/ffmpeg_folder/ffmpeg-master-latest-win64-gpl/doc/ffplay.html[22m
[2m18:38:37[22m [36m[1m[vite][22m[39m [90m[2m(client)[22m[39m [32mpage reload [39m[2mpublic/ffmpeg_folder/ffmpeg-master-latest-win64-gpl/doc/nut.html[22m
[2m18:38:37[22m [36m[1m[vite][22m[39m [90m[2m(client)[22m[39m [32mpage reload [39m[2mpublic/ffmpeg_folder/ffmpeg-master-latest-win64-gpl/doc/ffmpeg-formats.html[22m
[2m18:38:37[22m [36m[1m[vite][22m[39m [90m[2m(client)[22m[39m [32mpage reload [39m[2mpublic/ffmpeg_folder/ffmpeg-master-latest-win64-gpl/doc/fate.html[22m
[2m18:38:37[22m [36m[1m[vite][22m[39m [90m[2m(client)[22m[39m [32mpage reload [39m[2mpublic/ffmpeg_folder/ffmpeg-master-latest-win64-gpl/doc/libswscale.html[22m
[2m18:38:37[22m [36m[1m[vite][22m[39m [90m[2m(client)[22m[39m [32mpage reload [39m[2mpublic/ffmpeg_folder/ffmpeg-master-latest-win64-gpl/doc/libswscale.html[22m
[2m18:38:37[22m [36m[1m[vite][22m[39m [90m[2m(client)[22m[39m [32mpage reload [39m[2mpublic/ffmpeg_folder/ffmpeg-master-latest-win64-gpl/doc/libavutil.html[22m
[2m18:38:37[22m [36m[1m[vite][22m[39m [90m[2m(client)[22m[39m [32mpage reload [39m[2mpublic/ffmpeg_folder/ffmpeg-master-latest-win64-gpl/doc/ffmpeg-bitstream-filters.html[22m
[2m18:38:37[22m [36m[1m[vite][22m[39m [90m[2m(client)[22m[39m [32mpage reload [39m[2mpublic/ffmpeg_folder/ffmpeg-master-latest-win64-gpl/doc/ffmpeg-resampler.html[22m
[2m18:38:37[22m [36m[1m[vite][22m[39m [90m[2m(client)[22m[39m [32mpage reload [39m[2mpublic/ffmpeg_folder/ffmpeg-master-latest-win64-gpl/doc/ffmpeg-filters.html[22m
[2m18:38:37[22m [36m[1m[vite][22m[39m [90m[2m(client)[22m[39m [32mpage reload [39m[2mpublic/ffmpeg_folder/ffmpeg-master-latest-win64-gpl/doc/ffmpeg-filters.html[22m
[2m18:38:37[22m [36m[1m[vite][22m[39m [90m[2m(client)[22m[39m [32mpage reload [39m[2mpublic/ffmpeg_folder/ffmpeg-master-latest-win64-gpl/doc/ffmpeg-protocols.html[22m
[2m18:38:37[22m [36m[1m[vite][22m[39m [90m[2m(client)[22m[39m [32mpage reload [39m[2mpublic/ffmpeg_folder/ffmpeg-master-latest-win64-gpl/doc/ffmpeg-protocols.html[22m
[2m18:38:37[22m [36m[1m[vite][22m[39m [90m[2m(client)[22m[39m [32mpage reload [39m[2mpublic/ffmpeg_folder/ffmpeg-master-latest-win64-gpl/doc/ffplay-all.html[22m
[2m18:38:37[22m [36m[1m[vite][22m[39m [90m[2m(client)[22m[39m [32mpage reload [39m[2mpublic/ffmpeg_folder/ffmpeg-master-latest-win64-gpl/doc/ffplay-all.html[22m
[2m18:38:37[22m [36m[1m[vite][22m[39m [90m[2m(client)[22m[39m [32mpage reload [39m[2mpublic/ffmpeg_folder/ffmpeg-master-latest-win64-gpl/doc/ffprobe-all.html[22m
[2m18:38:37[22m [36m[1m[vite][22m[39m [90m[2m(client)[22m[39m [32mpage reload [39m[2mpublic/ffmpeg_folder/ffmpeg-master-latest-win64-gpl/doc/libavfilter.html[22m
[2m18:38:38[22m [36m[1m[vite][22m[39m [90m[2m(client)[22m[39m [32mpage reload [39m[2mpublic/ffmpeg_folder/ffmpeg-master-latest-win64-gpl/doc/ffmpeg-devices.html[22m
[2m18:39:25[22m [36m[1m[vite][22m[39m [90m[2m(client)[22m[39m [32mhmr update [39m[2m/src/pages/Index.tsx, /src/index.css[22m
